Archive member included because of file (symbol)

/usr/bin/../lib/gcc/avr/4.6.2/avr4/libgcc.a(_exit.o)
                              /usr/bin/../lib/gcc/avr/4.6.2/../../../../avr/lib/avr4/crtm8.o (exit)
/usr/bin/../lib/gcc/avr/4.6.2/avr4/libgcc.a(_copy_data.o)
                              obj/Debug/AT_lib.o (__do_copy_data)
/usr/bin/../lib/gcc/avr/4.6.2/avr4/libgcc.a(_clear_bss.o)
                              obj/Debug/AT_lib.o (__do_clear_bss)
/usr/bin/../lib/gcc/avr/4.6.2/../../../../avr/lib/avr4/libc.a(strstr_P.o)
                              obj/Debug/AT_lib.o (strstr_P)
/usr/bin/../lib/gcc/avr/4.6.2/../../../../avr/lib/avr4/libc.a(memset.o)
                              obj/Debug/AT_lib.o (memset)

Allocating common symbols
Common symbol       size              file

tmpdata             0x8               obj/Debug/AT_lib.o
c                   0x1               obj/Debug/AT_lib.o

Memory Configuration

Name             Origin             Length             Attributes
text             0x00000000         0x00002000         xr
data             0x00800060         0x0000ffa0         rw !x
eeprom           0x00810000         0x00010000         rw !x
fuse             0x00820000         0x00000400         rw !x
lock             0x00830000         0x00000400         rw !x
signature        0x00840000         0x00000400         rw !x
*default*        0x00000000         0xffffffff

Linker script and memory map

LOAD /usr/bin/../lib/gcc/avr/4.6.2/../../../../avr/lib/avr4/crtm8.o
LOAD obj/Debug/AT_lib.o
LOAD obj/Debug/Test.o
LOAD obj/Debug/main.o
LOAD obj/Debug/uart.o
LOAD /usr/bin/../lib/gcc/avr/4.6.2/avr4/libgcc.a
LOAD /usr/bin/../lib/gcc/avr/4.6.2/../../../../avr/lib/avr4/libm.a
LOAD /usr/bin/../lib/gcc/avr/4.6.2/avr4/libgcc.a
LOAD /usr/bin/../lib/gcc/avr/4.6.2/../../../../avr/lib/avr4/libc.a
LOAD /usr/bin/../lib/gcc/avr/4.6.2/avr4/libgcc.a

.hash
 *(.hash)

.dynsym
 *(.dynsym)

.dynstr
 *(.dynstr)

.gnu.version
 *(.gnu.version)

.gnu.version_d
 *(.gnu.version_d)

.gnu.version_r
 *(.gnu.version_r)

.rel.init
 *(.rel.init)

.rela.init
 *(.rela.init)

.rel.text
 *(.rel.text)
 *(.rel.text.*)
 *(.rel.gnu.linkonce.t*)

.rela.text
 *(.rela.text)
 *(.rela.text.*)
 *(.rela.gnu.linkonce.t*)

.rel.fini
 *(.rel.fini)

.rela.fini
 *(.rela.fini)

.rel.rodata
 *(.rel.rodata)
 *(.rel.rodata.*)
 *(.rel.gnu.linkonce.r*)

.rela.rodata
 *(.rela.rodata)
 *(.rela.rodata.*)
 *(.rela.gnu.linkonce.r*)

.rel.data
 *(.rel.data)
 *(.rel.data.*)
 *(.rel.gnu.linkonce.d*)

.rela.data
 *(.rela.data)
 *(.rela.data.*)
 *(.rela.gnu.linkonce.d*)

.rel.ctors
 *(.rel.ctors)

.rela.ctors
 *(.rela.ctors)

.rel.dtors
 *(.rel.dtors)

.rela.dtors
 *(.rela.dtors)

.rel.got
 *(.rel.got)

.rela.got
 *(.rela.got)

.rel.bss
 *(.rel.bss)

.rela.bss
 *(.rela.bss)

.rel.plt
 *(.rel.plt)

.rela.plt
 *(.rela.plt)

.text           0x00000000      0x2ce
 *(.vectors)
 .vectors       0x00000000       0x26 /usr/bin/../lib/gcc/avr/4.6.2/../../../../avr/lib/avr4/crtm8.o
                0x00000000                __vectors
                0x00000000                __vector_default
 *(.vectors)
 *(.progmem.gcc*)
 *(.progmem*)
 .progmem.data  0x00000026        0x7 obj/Debug/main.o
                0x00000026                ATok
                0x00000029                ATcheck
                0x0000002e                . = ALIGN (0x2)
 *fill*         0x0000002d        0x1 00
                0x0000002e                __trampolines_start = .
 *(.trampolines)
 .trampolines   0x0000002e        0x0 linker stubs
 *(.trampolines*)
                0x0000002e                __trampolines_end = .
 *(.jumptables)
 *(.jumptables*)
 *(.lowtext)
 *(.lowtext*)
                0x0000002e                __ctors_start = .
 *(.ctors)
                0x0000002e                __ctors_end = .
                0x0000002e                __dtors_start = .
 *(.dtors)
                0x0000002e                __dtors_end = .
 SORT(*)(.ctors)
 SORT(*)(.dtors)
 *(.init0)
 .init0         0x0000002e        0x0 /usr/bin/../lib/gcc/avr/4.6.2/../../../../avr/lib/avr4/crtm8.o
                0x0000002e                __init
 *(.init0)
 *(.init1)
 *(.init1)
 *(.init2)
 .init2         0x0000002e        0xc /usr/bin/../lib/gcc/avr/4.6.2/../../../../avr/lib/avr4/crtm8.o
 *(.init2)
 *(.init3)
 *(.init3)
 *(.init4)
 .init4         0x0000003a       0x16 /usr/bin/../lib/gcc/avr/4.6.2/avr4/libgcc.a(_copy_data.o)
                0x0000003a                __do_copy_data
 .init4         0x00000050       0x10 /usr/bin/../lib/gcc/avr/4.6.2/avr4/libgcc.a(_clear_bss.o)
                0x00000050                __do_clear_bss
 *(.init4)
 *(.init5)
 *(.init5)
 *(.init6)
 *(.init6)
 *(.init7)
 *(.init7)
 *(.init8)
 *(.init8)
 *(.init9)
 .init9         0x00000060        0x4 /usr/bin/../lib/gcc/avr/4.6.2/../../../../avr/lib/avr4/crtm8.o
 *(.init9)
 *(.text)
 .text          0x00000064        0x2 /usr/bin/../lib/gcc/avr/4.6.2/../../../../avr/lib/avr4/crtm8.o
                0x00000064                __vector_1
                0x00000064                __bad_interrupt
                0x00000064                __vector_6
                0x00000064                __vector_3
                0x00000064                __vector_13
                0x00000064                __vector_17
                0x00000064                __vector_7
                0x00000064                __vector_5
                0x00000064                __vector_4
                0x00000064                __vector_9
                0x00000064                __vector_2
                0x00000064                __vector_15
                0x00000064                __vector_8
                0x00000064                __vector_14
                0x00000064                __vector_10
                0x00000064                __vector_16
                0x00000064                __vector_18
 .text          0x00000066       0x76 obj/Debug/AT_lib.o
                0x00000066                AT_check_p
 .text          0x000000dc        0x8 obj/Debug/Test.o
                0x000000dc                test
 .text          0x000000e4       0x1e obj/Debug/main.o
                0x000000e4                main
 .text          0x00000102      0x186 obj/Debug/uart.o
                0x00000102                __vector_11
                0x00000162                __vector_12
                0x000001ae                uart_init
                0x000001d6                uart_getc
                0x0000020a                uart_putc
                0x0000022c                uart_puts
                0x00000248                uart_puts_p
                0x0000026a                get_UART_RxBuf
                0x00000278                isEmpty_RxBuf
 .text          0x00000288        0x0 /usr/bin/../lib/gcc/avr/4.6.2/avr4/libgcc.a(_exit.o)
 .text          0x00000288        0x0 /usr/bin/../lib/gcc/avr/4.6.2/avr4/libgcc.a(_copy_data.o)
 .text          0x00000288        0x0 /usr/bin/../lib/gcc/avr/4.6.2/avr4/libgcc.a(_clear_bss.o)
 .text          0x00000288        0x0 /usr/bin/../lib/gcc/avr/4.6.2/../../../../avr/lib/avr4/libc.a(strstr_P.o)
 .text          0x00000288        0x0 /usr/bin/../lib/gcc/avr/4.6.2/../../../../avr/lib/avr4/libc.a(memset.o)
                0x00000288                . = ALIGN (0x2)
 *(.text.*)
 .text.libgcc   0x00000288        0x0 /usr/bin/../lib/gcc/avr/4.6.2/avr4/libgcc.a(_exit.o)
 .text.libgcc   0x00000288        0x0 /usr/bin/../lib/gcc/avr/4.6.2/avr4/libgcc.a(_copy_data.o)
 .text.libgcc   0x00000288        0x0 /usr/bin/../lib/gcc/avr/4.6.2/avr4/libgcc.a(_clear_bss.o)
 .text.avr-libc
                0x00000288       0x34 /usr/bin/../lib/gcc/avr/4.6.2/../../../../avr/lib/avr4/libc.a(strstr_P.o)
                0x00000288                strstr_P
 .text.avr-libc
                0x000002bc        0xe /usr/bin/../lib/gcc/avr/4.6.2/../../../../avr/lib/avr4/libc.a(memset.o)
                0x000002bc                memset
                0x000002ca                . = ALIGN (0x2)
 *(.fini9)
 .fini9         0x000002ca        0x0 /usr/bin/../lib/gcc/avr/4.6.2/avr4/libgcc.a(_exit.o)
                0x000002ca                exit
                0x000002ca                _exit
 *(.fini9)
 *(.fini8)
 *(.fini8)
 *(.fini7)
 *(.fini7)
 *(.fini6)
 *(.fini6)
 *(.fini5)
 *(.fini5)
 *(.fini4)
 *(.fini4)
 *(.fini3)
 *(.fini3)
 *(.fini2)
 *(.fini2)
 *(.fini1)
 *(.fini1)
 *(.fini0)
 .fini0         0x000002ca        0x4 /usr/bin/../lib/gcc/avr/4.6.2/avr4/libgcc.a(_exit.o)
 *(.fini0)
                0x000002ce                _etext = .

.data           0x00800060        0x0 load address 0x000002ce
                0x00800060                PROVIDE (__data_start, .)
 *(.data)
 .data          0x00800060        0x0 /usr/bin/../lib/gcc/avr/4.6.2/../../../../avr/lib/avr4/crtm8.o
 .data          0x00800060        0x0 obj/Debug/AT_lib.o
 .data          0x00800060        0x0 obj/Debug/Test.o
 .data          0x00800060        0x0 obj/Debug/main.o
 .data          0x00800060        0x0 obj/Debug/uart.o
 .data          0x00800060        0x0 /usr/bin/../lib/gcc/avr/4.6.2/avr4/libgcc.a(_exit.o)
 .data          0x00800060        0x0 /usr/bin/../lib/gcc/avr/4.6.2/avr4/libgcc.a(_copy_data.o)
 .data          0x00800060        0x0 /usr/bin/../lib/gcc/avr/4.6.2/avr4/libgcc.a(_clear_bss.o)
 .data          0x00800060        0x0 /usr/bin/../lib/gcc/avr/4.6.2/../../../../avr/lib/avr4/libc.a(strstr_P.o)
 .data          0x00800060        0x0 /usr/bin/../lib/gcc/avr/4.6.2/../../../../avr/lib/avr4/libc.a(memset.o)
 *(.data*)
 *(.rodata)
 *(.rodata*)
 *(.gnu.linkonce.d*)
                0x00800060                . = ALIGN (0x2)
                0x00800060                _edata = .
                0x00800060                PROVIDE (__data_end, .)

.bss            0x00800060       0x50
                0x00800060                PROVIDE (__bss_start, .)
 *(.bss)
 .bss           0x00800060        0x0 /usr/bin/../lib/gcc/avr/4.6.2/../../../../avr/lib/avr4/crtm8.o
 .bss           0x00800060        0x0 obj/Debug/AT_lib.o
 .bss           0x00800060        0x0 obj/Debug/Test.o
 .bss           0x00800060        0x0 obj/Debug/main.o
 .bss           0x00800060       0x47 obj/Debug/uart.o
 .bss           0x008000a7        0x0 /usr/bin/../lib/gcc/avr/4.6.2/avr4/libgcc.a(_exit.o)
 .bss           0x008000a7        0x0 /usr/bin/../lib/gcc/avr/4.6.2/avr4/libgcc.a(_copy_data.o)
 .bss           0x008000a7        0x0 /usr/bin/../lib/gcc/avr/4.6.2/avr4/libgcc.a(_clear_bss.o)
 .bss           0x008000a7        0x0 /usr/bin/../lib/gcc/avr/4.6.2/../../../../avr/lib/avr4/libc.a(strstr_P.o)
 .bss           0x008000a7        0x0 /usr/bin/../lib/gcc/avr/4.6.2/../../../../avr/lib/avr4/libc.a(memset.o)
 *(.bss*)
 *(COMMON)
 COMMON         0x008000a7        0x9 obj/Debug/AT_lib.o
                0x008000a7                tmpdata
                0x008000af                c
                0x008000b0                PROVIDE (__bss_end, .)
                0x000002ce                __data_load_start = LOADADDR (.data)
                0x000002ce                __data_load_end = (__data_load_start + SIZEOF (.data))

.noinit         0x008000b0        0x0
                0x008000b0                PROVIDE (__noinit_start, .)
 *(.noinit*)
                0x008000b0                PROVIDE (__noinit_end, .)
                0x008000b0                _end = .
                0x008000b0                PROVIDE (__heap_start, .)

.eeprom         0x00810000        0x0
 *(.eeprom*)
                0x00810000                __eeprom_end = .

.fuse
 *(.fuse)
 *(.lfuse)
 *(.hfuse)
 *(.efuse)

.lock
 *(.lock*)

.signature
 *(.signature*)

.stab           0x00000000      0x6cc
 *(.stab)
 .stab          0x00000000      0x6cc /usr/bin/../lib/gcc/avr/4.6.2/../../../../avr/lib/avr4/crtm8.o

.stabstr        0x00000000       0x85
 *(.stabstr)
 .stabstr       0x00000000       0x85 /usr/bin/../lib/gcc/avr/4.6.2/../../../../avr/lib/avr4/crtm8.o

.stab.excl
 *(.stab.excl)

.stab.exclstr
 *(.stab.exclstr)

.stab.index
 *(.stab.index)

.stab.indexstr
 *(.stab.indexstr)

.comment
 *(.comment)

.debug
 *(.debug)

.line
 *(.line)

.debug_srcinfo
 *(.debug_srcinfo)

.debug_sfnames
 *(.debug_sfnames)

.debug_aranges  0x00000000       0x80
 *(.debug_aranges)
 .debug_aranges
                0x00000000       0x20 obj/Debug/AT_lib.o
 .debug_aranges
                0x00000020       0x20 obj/Debug/Test.o
 .debug_aranges
                0x00000040       0x20 obj/Debug/main.o
 .debug_aranges
                0x00000060       0x20 obj/Debug/uart.o

.debug_pubnames
 *(.debug_pubnames)

.debug_info     0x00000000      0x64f
 *(.debug_info)
 .debug_info    0x00000000      0x124 obj/Debug/AT_lib.o
 .debug_info    0x00000124       0x81 obj/Debug/Test.o
 .debug_info    0x000001a5      0x149 obj/Debug/main.o
 .debug_info    0x000002ee      0x361 obj/Debug/uart.o
 *(.gnu.linkonce.wi.*)

.debug_abbrev   0x00000000      0x33a
 *(.debug_abbrev)
 .debug_abbrev  0x00000000       0xe4 obj/Debug/AT_lib.o
 .debug_abbrev  0x000000e4       0x4c obj/Debug/Test.o
 .debug_abbrev  0x00000130       0xa3 obj/Debug/main.o
 .debug_abbrev  0x000001d3      0x167 obj/Debug/uart.o

.debug_line     0x00000000      0xa58
 *(.debug_line)
 .debug_line    0x00000000      0x2d2 obj/Debug/AT_lib.o
 .debug_line    0x000002d2      0x186 obj/Debug/Test.o
 .debug_line    0x00000458      0x2d4 obj/Debug/main.o
 .debug_line    0x0000072c      0x32c obj/Debug/uart.o

.debug_frame    0x00000000      0x18c
 *(.debug_frame)
 .debug_frame   0x00000000       0x40 obj/Debug/AT_lib.o
 .debug_frame   0x00000040       0x24 obj/Debug/Test.o
 .debug_frame   0x00000064       0x24 obj/Debug/main.o
 .debug_frame   0x00000088      0x104 obj/Debug/uart.o

.debug_str      0x00000000      0x1d7
 *(.debug_str)
 .debug_str     0x00000000       0xa2 obj/Debug/AT_lib.o
                                 0xdb (size before relaxing)
 .debug_str     0x000000a2        0xc obj/Debug/Test.o
                                 0xab (size before relaxing)
 .debug_str     0x000000ae       0x19 obj/Debug/main.o
                                 0xe0 (size before relaxing)
 .debug_str     0x000000c7      0x110 obj/Debug/uart.o
                                0x1e7 (size before relaxing)

.debug_loc      0x00000000      0x3b5
 *(.debug_loc)
 .debug_loc     0x00000000       0xa8 obj/Debug/AT_lib.o
 .debug_loc     0x000000a8      0x30d obj/Debug/uart.o

.debug_macinfo  0x00000000    0x27e73
 *(.debug_macinfo)
 .debug_macinfo
                0x00000000     0xb094 obj/Debug/AT_lib.o
 .debug_macinfo
                0x0000b094     0x645d obj/Debug/Test.o
 .debug_macinfo
                0x000114f1     0xb441 obj/Debug/main.o
 .debug_macinfo
                0x0001c932     0xb541 obj/Debug/uart.o
OUTPUT(bin/Debug/UARTlibTest.elf elf32-avr)
LOAD linker stubs

.debug_ranges   0x00000000       0x38
 .debug_ranges  0x00000000       0x18 obj/Debug/AT_lib.o
 .debug_ranges  0x00000018       0x20 obj/Debug/uart.o

Cross Reference Table

Symbol                                            File
AT_check_p                                        obj/Debug/AT_lib.o
                                                  obj/Debug/main.o
ATcheck                                           obj/Debug/main.o
ATok                                              obj/Debug/main.o
__bad_interrupt                                   /usr/bin/../lib/gcc/avr/4.6.2/../../../../avr/lib/avr4/crtm8.o
__bss_end                                         /usr/bin/../lib/gcc/avr/4.6.2/avr4/libgcc.a(_clear_bss.o)
__bss_start                                       /usr/bin/../lib/gcc/avr/4.6.2/avr4/libgcc.a(_clear_bss.o)
__data_end                                        /usr/bin/../lib/gcc/avr/4.6.2/avr4/libgcc.a(_copy_data.o)
__data_load_start                                 /usr/bin/../lib/gcc/avr/4.6.2/avr4/libgcc.a(_copy_data.o)
__data_start                                      /usr/bin/../lib/gcc/avr/4.6.2/avr4/libgcc.a(_copy_data.o)
__do_clear_bss                                    /usr/bin/../lib/gcc/avr/4.6.2/avr4/libgcc.a(_clear_bss.o)
                                                  obj/Debug/uart.o
                                                  obj/Debug/main.o
                                                  obj/Debug/Test.o
                                                  obj/Debug/AT_lib.o
__do_copy_data                                    /usr/bin/../lib/gcc/avr/4.6.2/avr4/libgcc.a(_copy_data.o)
                                                  obj/Debug/uart.o
                                                  obj/Debug/main.o
                                                  obj/Debug/Test.o
                                                  obj/Debug/AT_lib.o
__heap_end                                        /usr/bin/../lib/gcc/avr/4.6.2/../../../../avr/lib/avr4/crtm8.o
__init                                            /usr/bin/../lib/gcc/avr/4.6.2/../../../../avr/lib/avr4/crtm8.o
__stack                                           /usr/bin/../lib/gcc/avr/4.6.2/../../../../avr/lib/avr4/crtm8.o
__vector_1                                        /usr/bin/../lib/gcc/avr/4.6.2/../../../../avr/lib/avr4/crtm8.o
__vector_10                                       /usr/bin/../lib/gcc/avr/4.6.2/../../../../avr/lib/avr4/crtm8.o
__vector_11                                       obj/Debug/uart.o
                                                  /usr/bin/../lib/gcc/avr/4.6.2/../../../../avr/lib/avr4/crtm8.o
__vector_12                                       obj/Debug/uart.o
                                                  /usr/bin/../lib/gcc/avr/4.6.2/../../../../avr/lib/avr4/crtm8.o
__vector_13                                       /usr/bin/../lib/gcc/avr/4.6.2/../../../../avr/lib/avr4/crtm8.o
__vector_14                                       /usr/bin/../lib/gcc/avr/4.6.2/../../../../avr/lib/avr4/crtm8.o
__vector_15                                       /usr/bin/../lib/gcc/avr/4.6.2/../../../../avr/lib/avr4/crtm8.o
__vector_16                                       /usr/bin/../lib/gcc/avr/4.6.2/../../../../avr/lib/avr4/crtm8.o
__vector_17                                       /usr/bin/../lib/gcc/avr/4.6.2/../../../../avr/lib/avr4/crtm8.o
__vector_18                                       /usr/bin/../lib/gcc/avr/4.6.2/../../../../avr/lib/avr4/crtm8.o
__vector_2                                        /usr/bin/../lib/gcc/avr/4.6.2/../../../../avr/lib/avr4/crtm8.o
__vector_3                                        /usr/bin/../lib/gcc/avr/4.6.2/../../../../avr/lib/avr4/crtm8.o
__vector_4                                        /usr/bin/../lib/gcc/avr/4.6.2/../../../../avr/lib/avr4/crtm8.o
__vector_5                                        /usr/bin/../lib/gcc/avr/4.6.2/../../../../avr/lib/avr4/crtm8.o
__vector_6                                        /usr/bin/../lib/gcc/avr/4.6.2/../../../../avr/lib/avr4/crtm8.o
__vector_7                                        /usr/bin/../lib/gcc/avr/4.6.2/../../../../avr/lib/avr4/crtm8.o
__vector_8                                        /usr/bin/../lib/gcc/avr/4.6.2/../../../../avr/lib/avr4/crtm8.o
__vector_9                                        /usr/bin/../lib/gcc/avr/4.6.2/../../../../avr/lib/avr4/crtm8.o
__vector_default                                  /usr/bin/../lib/gcc/avr/4.6.2/../../../../avr/lib/avr4/crtm8.o
__vectors                                         /usr/bin/../lib/gcc/avr/4.6.2/../../../../avr/lib/avr4/crtm8.o
_exit                                             /usr/bin/../lib/gcc/avr/4.6.2/avr4/libgcc.a(_exit.o)
c                                                 obj/Debug/uart.o
                                                  obj/Debug/main.o
                                                  obj/Debug/AT_lib.o
exit                                              /usr/bin/../lib/gcc/avr/4.6.2/avr4/libgcc.a(_exit.o)
                                                  /usr/bin/../lib/gcc/avr/4.6.2/../../../../avr/lib/avr4/crtm8.o
get_UART_RxBuf                                    obj/Debug/uart.o
isEmpty_RxBuf                                     obj/Debug/uart.o
                                                  obj/Debug/main.o
                                                  obj/Debug/AT_lib.o
main                                              obj/Debug/main.o
                                                  /usr/bin/../lib/gcc/avr/4.6.2/../../../../avr/lib/avr4/crtm8.o
memset                                            /usr/bin/../lib/gcc/avr/4.6.2/../../../../avr/lib/avr4/libc.a(memset.o)
                                                  obj/Debug/AT_lib.o
strstr_P                                          /usr/bin/../lib/gcc/avr/4.6.2/../../../../avr/lib/avr4/libc.a(strstr_P.o)
                                                  obj/Debug/AT_lib.o
test                                              obj/Debug/Test.o
tmpdata                                           obj/Debug/uart.o
                                                  obj/Debug/main.o
                                                  obj/Debug/AT_lib.o
uart_getc                                         obj/Debug/uart.o
                                                  obj/Debug/AT_lib.o
uart_init                                         obj/Debug/uart.o
                                                  obj/Debug/main.o
uart_putc                                         obj/Debug/uart.o
uart_puts                                         obj/Debug/uart.o
uart_puts_p                                       obj/Debug/uart.o
                                                  obj/Debug/main.o
                                                  obj/Debug/AT_lib.o
