Archive member included because of file (symbol)

/usr/bin/../lib/gcc/avr/4.6.2/avr4/libgcc.a(_exit.o)
                              /usr/bin/../lib/gcc/avr/4.6.2/../../../../avr/lib/avr4/crtm8.o (exit)
/usr/bin/../lib/gcc/avr/4.6.2/avr4/libgcc.a(_copy_data.o)
                              obj/Debug/main.o (__do_copy_data)
/usr/bin/../lib/gcc/avr/4.6.2/avr4/libgcc.a(_clear_bss.o)
                              obj/Debug/main.o (__do_clear_bss)
/usr/bin/../lib/gcc/avr/4.6.2/../../../../avr/lib/avr4/libc.a(strstr_P.o)
                              obj/Debug/main.o (strstr_P)

Memory Configuration

Name             Origin             Length             Attributes
text             0x00000000         0x00002000         xr
data             0x00800060         0x0000ffa0         rw !x
eeprom           0x00810000         0x00010000         rw !x
fuse             0x00820000         0x00000400         rw !x
lock             0x00830000         0x00000400         rw !x
signature        0x00840000         0x00000400         rw !x
*default*        0x00000000         0xffffffff

Linker script and memory map

LOAD /usr/bin/../lib/gcc/avr/4.6.2/../../../../avr/lib/avr4/crtm8.o
LOAD obj/Debug/main.o
LOAD obj/Debug/usr/include/uart.o
LOAD /usr/bin/../lib/gcc/avr/4.6.2/avr4/libgcc.a
LOAD /usr/bin/../lib/gcc/avr/4.6.2/../../../../avr/lib/avr4/libm.a
LOAD /usr/bin/../lib/gcc/avr/4.6.2/avr4/libgcc.a
LOAD /usr/bin/../lib/gcc/avr/4.6.2/../../../../avr/lib/avr4/libc.a
LOAD /usr/bin/../lib/gcc/avr/4.6.2/avr4/libgcc.a

.hash
 *(.hash)

.dynsym
 *(.dynsym)

.dynstr
 *(.dynstr)

.gnu.version
 *(.gnu.version)

.gnu.version_d
 *(.gnu.version_d)

.gnu.version_r
 *(.gnu.version_r)

.rel.init
 *(.rel.init)

.rela.init
 *(.rela.init)

.rel.text
 *(.rel.text)
 *(.rel.text.*)
 *(.rel.gnu.linkonce.t*)

.rela.text
 *(.rela.text)
 *(.rela.text.*)
 *(.rela.gnu.linkonce.t*)

.rel.fini
 *(.rel.fini)

.rela.fini
 *(.rela.fini)

.rel.rodata
 *(.rel.rodata)
 *(.rel.rodata.*)
 *(.rel.gnu.linkonce.r*)

.rela.rodata
 *(.rela.rodata)
 *(.rela.rodata.*)
 *(.rela.gnu.linkonce.r*)

.rel.data
 *(.rel.data)
 *(.rel.data.*)
 *(.rel.gnu.linkonce.d*)

.rela.data
 *(.rela.data)
 *(.rela.data.*)
 *(.rela.gnu.linkonce.d*)

.rel.ctors
 *(.rel.ctors)

.rela.ctors
 *(.rela.ctors)

.rel.dtors
 *(.rel.dtors)

.rela.dtors
 *(.rela.dtors)

.rel.got
 *(.rel.got)

.rela.got
 *(.rela.got)

.rel.bss
 *(.rel.bss)

.rela.bss
 *(.rela.bss)

.rel.plt
 *(.rel.plt)

.rela.plt
 *(.rela.plt)

.text           0x00000000      0x40c
 *(.vectors)
 .vectors       0x00000000       0x26 /usr/bin/../lib/gcc/avr/4.6.2/../../../../avr/lib/avr4/crtm8.o
                0x00000000                __vectors
                0x00000000                __vector_default
 *(.vectors)
 *(.progmem.gcc*)
 *(.progmem*)
 .progmem.data  0x00000026       0x46 obj/Debug/main.o
                0x00000026                ATcheck
                0x00000029                AT_OK
                0x0000006c                . = ALIGN (0x2)
                0x0000006c                __trampolines_start = .
 *(.trampolines)
 .trampolines   0x0000006c        0x0 linker stubs
 *(.trampolines*)
                0x0000006c                __trampolines_end = .
 *(.jumptables)
 *(.jumptables*)
 *(.lowtext)
 *(.lowtext*)
                0x0000006c                __ctors_start = .
 *(.ctors)
                0x0000006c                __ctors_end = .
                0x0000006c                __dtors_start = .
 *(.dtors)
                0x0000006c                __dtors_end = .
 SORT(*)(.ctors)
 SORT(*)(.dtors)
 *(.init0)
 .init0         0x0000006c        0x0 /usr/bin/../lib/gcc/avr/4.6.2/../../../../avr/lib/avr4/crtm8.o
                0x0000006c                __init
 *(.init0)
 *(.init1)
 *(.init1)
 *(.init2)
 .init2         0x0000006c        0xc /usr/bin/../lib/gcc/avr/4.6.2/../../../../avr/lib/avr4/crtm8.o
 *(.init2)
 *(.init3)
 *(.init3)
 *(.init4)
 .init4         0x00000078       0x16 /usr/bin/../lib/gcc/avr/4.6.2/avr4/libgcc.a(_copy_data.o)
                0x00000078                __do_copy_data
 .init4         0x0000008e       0x10 /usr/bin/../lib/gcc/avr/4.6.2/avr4/libgcc.a(_clear_bss.o)
                0x0000008e                __do_clear_bss
 *(.init4)
 *(.init5)
 *(.init5)
 *(.init6)
 *(.init6)
 *(.init7)
 *(.init7)
 *(.init8)
 *(.init8)
 *(.init9)
 .init9         0x0000009e        0x4 /usr/bin/../lib/gcc/avr/4.6.2/../../../../avr/lib/avr4/crtm8.o
 *(.init9)
 *(.text)
 .text          0x000000a2        0x2 /usr/bin/../lib/gcc/avr/4.6.2/../../../../avr/lib/avr4/crtm8.o
                0x000000a2                __vector_1
                0x000000a2                __bad_interrupt
                0x000000a2                __vector_6
                0x000000a2                __vector_3
                0x000000a2                __vector_13
                0x000000a2                __vector_17
                0x000000a2                __vector_7
                0x000000a2                __vector_5
                0x000000a2                __vector_4
                0x000000a2                __vector_9
                0x000000a2                __vector_2
                0x000000a2                __vector_15
                0x000000a2                __vector_8
                0x000000a2                __vector_14
                0x000000a2                __vector_10
                0x000000a2                __vector_16
                0x000000a2                __vector_18
 .text          0x000000a4       0x72 obj/Debug/main.o
                0x000000a4                main
 .text          0x00000116      0x2be obj/Debug/usr/include/uart.o
                0x00000116                __vector_11
                0x000001aa                __vector_12
                0x0000022c                uart_init
                0x0000029e                uart_getc
                0x000002f2                uart_putc
                0x00000346                uart_puts
                0x00000384                uart_puts_p
 .text          0x000003d4        0x0 /usr/bin/../lib/gcc/avr/4.6.2/avr4/libgcc.a(_exit.o)
 .text          0x000003d4        0x0 /usr/bin/../lib/gcc/avr/4.6.2/avr4/libgcc.a(_copy_data.o)
 .text          0x000003d4        0x0 /usr/bin/../lib/gcc/avr/4.6.2/avr4/libgcc.a(_clear_bss.o)
 .text          0x000003d4        0x0 /usr/bin/../lib/gcc/avr/4.6.2/../../../../avr/lib/avr4/libc.a(strstr_P.o)
                0x000003d4                . = ALIGN (0x2)
 *(.text.*)
 .text.libgcc   0x000003d4        0x0 /usr/bin/../lib/gcc/avr/4.6.2/avr4/libgcc.a(_exit.o)
 .text.libgcc   0x000003d4        0x0 /usr/bin/../lib/gcc/avr/4.6.2/avr4/libgcc.a(_copy_data.o)
 .text.libgcc   0x000003d4        0x0 /usr/bin/../lib/gcc/avr/4.6.2/avr4/libgcc.a(_clear_bss.o)
 .text.avr-libc
                0x000003d4       0x34 /usr/bin/../lib/gcc/avr/4.6.2/../../../../avr/lib/avr4/libc.a(strstr_P.o)
                0x000003d4                strstr_P
                0x00000408                . = ALIGN (0x2)
 *(.fini9)
 .fini9         0x00000408        0x0 /usr/bin/../lib/gcc/avr/4.6.2/avr4/libgcc.a(_exit.o)
                0x00000408                exit
                0x00000408                _exit
 *(.fini9)
 *(.fini8)
 *(.fini8)
 *(.fini7)
 *(.fini7)
 *(.fini6)
 *(.fini6)
 *(.fini5)
 *(.fini5)
 *(.fini4)
 *(.fini4)
 *(.fini3)
 *(.fini3)
 *(.fini2)
 *(.fini2)
 *(.fini1)
 *(.fini1)
 *(.fini0)
 .fini0         0x00000408        0x4 /usr/bin/../lib/gcc/avr/4.6.2/avr4/libgcc.a(_exit.o)
 *(.fini0)
                0x0000040c                _etext = .

.data           0x00800060        0x4 load address 0x0000040c
                0x00800060                PROVIDE (__data_start, .)
 *(.data)
 .data          0x00800060        0x0 /usr/bin/../lib/gcc/avr/4.6.2/../../../../avr/lib/avr4/crtm8.o
 .data          0x00800060        0x3 obj/Debug/main.o
 .data          0x00800063        0x0 obj/Debug/usr/include/uart.o
 .data          0x00800063        0x0 /usr/bin/../lib/gcc/avr/4.6.2/avr4/libgcc.a(_exit.o)
 .data          0x00800063        0x0 /usr/bin/../lib/gcc/avr/4.6.2/avr4/libgcc.a(_copy_data.o)
 .data          0x00800063        0x0 /usr/bin/../lib/gcc/avr/4.6.2/avr4/libgcc.a(_clear_bss.o)
 .data          0x00800063        0x0 /usr/bin/../lib/gcc/avr/4.6.2/../../../../avr/lib/avr4/libc.a(strstr_P.o)
 *(.data*)
 *(.rodata)
 *(.rodata*)
 *(.gnu.linkonce.d*)
                0x00800064                . = ALIGN (0x2)
 *fill*         0x00800063        0x1 00
                0x00800064                _edata = .
                0x00800064                PROVIDE (__data_end, .)

.bss            0x00800064       0x45
                0x00800064                PROVIDE (__bss_start, .)
 *(.bss)
 .bss           0x00800064        0x0 /usr/bin/../lib/gcc/avr/4.6.2/../../../../avr/lib/avr4/crtm8.o
 .bss           0x00800064        0x0 obj/Debug/main.o
 .bss           0x00800064       0x45 obj/Debug/usr/include/uart.o
 .bss           0x008000a9        0x0 /usr/bin/../lib/gcc/avr/4.6.2/avr4/libgcc.a(_exit.o)
 .bss           0x008000a9        0x0 /usr/bin/../lib/gcc/avr/4.6.2/avr4/libgcc.a(_copy_data.o)
 .bss           0x008000a9        0x0 /usr/bin/../lib/gcc/avr/4.6.2/avr4/libgcc.a(_clear_bss.o)
 .bss           0x008000a9        0x0 /usr/bin/../lib/gcc/avr/4.6.2/../../../../avr/lib/avr4/libc.a(strstr_P.o)
 *(.bss*)
 *(COMMON)
                0x008000a9                PROVIDE (__bss_end, .)
                0x0000040c                __data_load_start = LOADADDR (.data)
                0x00000410                __data_load_end = (__data_load_start + SIZEOF (.data))

.noinit         0x008000a9        0x0
                0x008000a9                PROVIDE (__noinit_start, .)
 *(.noinit*)
                0x008000a9                PROVIDE (__noinit_end, .)
                0x008000a9                _end = .
                0x008000a9                PROVIDE (__heap_start, .)

.eeprom         0x00810000        0x0
 *(.eeprom*)
                0x00810000                __eeprom_end = .

.fuse
 *(.fuse)
 *(.lfuse)
 *(.hfuse)
 *(.efuse)

.lock
 *(.lock*)

.signature
 *(.signature*)

.stab           0x00000000      0x6cc
 *(.stab)
 .stab          0x00000000      0x6cc /usr/bin/../lib/gcc/avr/4.6.2/../../../../avr/lib/avr4/crtm8.o

.stabstr        0x00000000       0x85
 *(.stabstr)
 .stabstr       0x00000000       0x85 /usr/bin/../lib/gcc/avr/4.6.2/../../../../avr/lib/avr4/crtm8.o

.stab.excl
 *(.stab.excl)

.stab.exclstr
 *(.stab.exclstr)

.stab.index
 *(.stab.index)

.stab.indexstr
 *(.stab.indexstr)

.comment
 *(.comment)

.debug
 *(.debug)

.line
 *(.line)

.debug_srcinfo
 *(.debug_srcinfo)

.debug_sfnames
 *(.debug_sfnames)

.debug_aranges  0x00000000       0x40
 *(.debug_aranges)
 .debug_aranges
                0x00000000       0x20 obj/Debug/main.o
 .debug_aranges
                0x00000020       0x20 obj/Debug/usr/include/uart.o

.debug_pubnames
 *(.debug_pubnames)

.debug_info     0x00000000      0x461
 *(.debug_info)
 .debug_info    0x00000000      0x19b obj/Debug/main.o
 .debug_info    0x0000019b      0x2c6 obj/Debug/usr/include/uart.o
 *(.gnu.linkonce.wi.*)

.debug_abbrev   0x00000000      0x1a0
 *(.debug_abbrev)
 .debug_abbrev  0x00000000       0xa3 obj/Debug/main.o
 .debug_abbrev  0x000000a3       0xfd obj/Debug/usr/include/uart.o

.debug_line     0x00000000      0x506
 *(.debug_line)
 .debug_line    0x00000000      0x2bf obj/Debug/main.o
 .debug_line    0x000002bf      0x247 obj/Debug/usr/include/uart.o

.debug_frame    0x00000000      0x17c
 *(.debug_frame)
 .debug_frame   0x00000000       0x34 obj/Debug/main.o
 .debug_frame   0x00000034      0x148 obj/Debug/usr/include/uart.o

.debug_str      0x00000000      0x1c0
 *(.debug_str)
 .debug_str     0x00000000       0xa4 obj/Debug/main.o
                                 0xdd (size before relaxing)
 .debug_str     0x000000a4      0x11c obj/Debug/usr/include/uart.o
                                0x1c4 (size before relaxing)

.debug_loc      0x00000000      0x310
 *(.debug_loc)
 .debug_loc     0x00000000       0x48 obj/Debug/main.o
 .debug_loc     0x00000048      0x2c8 obj/Debug/usr/include/uart.o

.debug_macinfo  0x00000000    0x125e9
 *(.debug_macinfo)
 .debug_macinfo
                0x00000000     0x9fed obj/Debug/main.o
 .debug_macinfo
                0x00009fed     0x85fc obj/Debug/usr/include/uart.o
OUTPUT(bin/Debug/UARTlibTest.elf elf32-avr)
LOAD linker stubs

Cross Reference Table

Symbol                                            File
AT_OK                                             obj/Debug/main.o
ATcheck                                           obj/Debug/main.o
__bad_interrupt                                   /usr/bin/../lib/gcc/avr/4.6.2/../../../../avr/lib/avr4/crtm8.o
__bss_end                                         /usr/bin/../lib/gcc/avr/4.6.2/avr4/libgcc.a(_clear_bss.o)
__bss_start                                       /usr/bin/../lib/gcc/avr/4.6.2/avr4/libgcc.a(_clear_bss.o)
__data_end                                        /usr/bin/../lib/gcc/avr/4.6.2/avr4/libgcc.a(_copy_data.o)
__data_load_start                                 /usr/bin/../lib/gcc/avr/4.6.2/avr4/libgcc.a(_copy_data.o)
__data_start                                      /usr/bin/../lib/gcc/avr/4.6.2/avr4/libgcc.a(_copy_data.o)
__do_clear_bss                                    /usr/bin/../lib/gcc/avr/4.6.2/avr4/libgcc.a(_clear_bss.o)
                                                  obj/Debug/usr/include/uart.o
                                                  obj/Debug/main.o
__do_copy_data                                    /usr/bin/../lib/gcc/avr/4.6.2/avr4/libgcc.a(_copy_data.o)
                                                  obj/Debug/usr/include/uart.o
                                                  obj/Debug/main.o
__heap_end                                        /usr/bin/../lib/gcc/avr/4.6.2/../../../../avr/lib/avr4/crtm8.o
__init                                            /usr/bin/../lib/gcc/avr/4.6.2/../../../../avr/lib/avr4/crtm8.o
__stack                                           /usr/bin/../lib/gcc/avr/4.6.2/../../../../avr/lib/avr4/crtm8.o
__vector_1                                        /usr/bin/../lib/gcc/avr/4.6.2/../../../../avr/lib/avr4/crtm8.o
__vector_10                                       /usr/bin/../lib/gcc/avr/4.6.2/../../../../avr/lib/avr4/crtm8.o
__vector_11                                       obj/Debug/usr/include/uart.o
                                                  /usr/bin/../lib/gcc/avr/4.6.2/../../../../avr/lib/avr4/crtm8.o
__vector_12                                       obj/Debug/usr/include/uart.o
                                                  /usr/bin/../lib/gcc/avr/4.6.2/../../../../avr/lib/avr4/crtm8.o
__vector_13                                       /usr/bin/../lib/gcc/avr/4.6.2/../../../../avr/lib/avr4/crtm8.o
__vector_14                                       /usr/bin/../lib/gcc/avr/4.6.2/../../../../avr/lib/avr4/crtm8.o
__vector_15                                       /usr/bin/../lib/gcc/avr/4.6.2/../../../../avr/lib/avr4/crtm8.o
__vector_16                                       /usr/bin/../lib/gcc/avr/4.6.2/../../../../avr/lib/avr4/crtm8.o
__vector_17                                       /usr/bin/../lib/gcc/avr/4.6.2/../../../../avr/lib/avr4/crtm8.o
__vector_18                                       /usr/bin/../lib/gcc/avr/4.6.2/../../../../avr/lib/avr4/crtm8.o
__vector_2                                        /usr/bin/../lib/gcc/avr/4.6.2/../../../../avr/lib/avr4/crtm8.o
__vector_3                                        /usr/bin/../lib/gcc/avr/4.6.2/../../../../avr/lib/avr4/crtm8.o
__vector_4                                        /usr/bin/../lib/gcc/avr/4.6.2/../../../../avr/lib/avr4/crtm8.o
__vector_5                                        /usr/bin/../lib/gcc/avr/4.6.2/../../../../avr/lib/avr4/crtm8.o
__vector_6                                        /usr/bin/../lib/gcc/avr/4.6.2/../../../../avr/lib/avr4/crtm8.o
__vector_7                                        /usr/bin/../lib/gcc/avr/4.6.2/../../../../avr/lib/avr4/crtm8.o
__vector_8                                        /usr/bin/../lib/gcc/avr/4.6.2/../../../../avr/lib/avr4/crtm8.o
__vector_9                                        /usr/bin/../lib/gcc/avr/4.6.2/../../../../avr/lib/avr4/crtm8.o
__vector_default                                  /usr/bin/../lib/gcc/avr/4.6.2/../../../../avr/lib/avr4/crtm8.o
__vectors                                         /usr/bin/../lib/gcc/avr/4.6.2/../../../../avr/lib/avr4/crtm8.o
_exit                                             /usr/bin/../lib/gcc/avr/4.6.2/avr4/libgcc.a(_exit.o)
exit                                              /usr/bin/../lib/gcc/avr/4.6.2/avr4/libgcc.a(_exit.o)
                                                  /usr/bin/../lib/gcc/avr/4.6.2/../../../../avr/lib/avr4/crtm8.o
main                                              obj/Debug/main.o
                                                  /usr/bin/../lib/gcc/avr/4.6.2/../../../../avr/lib/avr4/crtm8.o
strstr_P                                          /usr/bin/../lib/gcc/avr/4.6.2/../../../../avr/lib/avr4/libc.a(strstr_P.o)
                                                  obj/Debug/main.o
uart_getc                                         obj/Debug/usr/include/uart.o
                                                  obj/Debug/main.o
uart_init                                         obj/Debug/usr/include/uart.o
                                                  obj/Debug/main.o
uart_putc                                         obj/Debug/usr/include/uart.o
uart_puts                                         obj/Debug/usr/include/uart.o
uart_puts_p                                       obj/Debug/usr/include/uart.o
                                                  obj/Debug/main.o
