Archive member included because of file (symbol)

/usr/bin/../lib/gcc/avr/4.6.2/avr4/libgcc.a(_exit.o)
                              /usr/bin/../lib/gcc/avr/4.6.2/../../../../avr/lib/avr4/crtm8.o (exit)
/usr/bin/../lib/gcc/avr/4.6.2/avr4/libgcc.a(_copy_data.o)
                              obj/Debug/RingBuffer.o (__do_copy_data)
/usr/bin/../lib/gcc/avr/4.6.2/avr4/libgcc.a(_clear_bss.o)
                              obj/Debug/RingBuffer.o (__do_clear_bss)

Allocating common symbols
Common symbol       size              file

RING_BUFFER         0x64              obj/Debug/RingBuffer.o
buf_pointer         0x1               obj/Debug/RingBuffer.o
temp_pointer        0x1               obj/Debug/main.o
sramAdress          0x2               obj/Debug/main.o

Memory Configuration

Name             Origin             Length             Attributes
text             0x00000000         0x00002000         xr
data             0x00800060         0x0000ffa0         rw !x
eeprom           0x00810000         0x00010000         rw !x
fuse             0x00820000         0x00000400         rw !x
lock             0x00830000         0x00000400         rw !x
signature        0x00840000         0x00000400         rw !x
*default*        0x00000000         0xffffffff

Linker script and memory map

LOAD /usr/bin/../lib/gcc/avr/4.6.2/../../../../avr/lib/avr4/crtm8.o
LOAD obj/Debug/RingBuffer.o
LOAD obj/Debug/main.o
LOAD /usr/bin/../lib/gcc/avr/4.6.2/avr4/libgcc.a
LOAD /usr/bin/../lib/gcc/avr/4.6.2/../../../../avr/lib/avr4/libm.a
LOAD /usr/bin/../lib/gcc/avr/4.6.2/avr4/libgcc.a
LOAD /usr/bin/../lib/gcc/avr/4.6.2/../../../../avr/lib/avr4/libc.a
LOAD /usr/bin/../lib/gcc/avr/4.6.2/avr4/libgcc.a

.hash
 *(.hash)

.dynsym
 *(.dynsym)

.dynstr
 *(.dynstr)

.gnu.version
 *(.gnu.version)

.gnu.version_d
 *(.gnu.version_d)

.gnu.version_r
 *(.gnu.version_r)

.rel.init
 *(.rel.init)

.rela.init
 *(.rela.init)

.rel.text
 *(.rel.text)
 *(.rel.text.*)
 *(.rel.gnu.linkonce.t*)

.rela.text
 *(.rela.text)
 *(.rela.text.*)
 *(.rela.gnu.linkonce.t*)

.rel.fini
 *(.rel.fini)

.rela.fini
 *(.rela.fini)

.rel.rodata
 *(.rel.rodata)
 *(.rel.rodata.*)
 *(.rel.gnu.linkonce.r*)

.rela.rodata
 *(.rela.rodata)
 *(.rela.rodata.*)
 *(.rela.gnu.linkonce.r*)

.rel.data
 *(.rel.data)
 *(.rel.data.*)
 *(.rel.gnu.linkonce.d*)

.rela.data
 *(.rela.data)
 *(.rela.data.*)
 *(.rela.gnu.linkonce.d*)

.rel.ctors
 *(.rel.ctors)

.rela.ctors
 *(.rela.ctors)

.rel.dtors
 *(.rel.dtors)

.rela.dtors
 *(.rela.dtors)

.rel.got
 *(.rel.got)

.rela.got
 *(.rela.got)

.rel.bss
 *(.rel.bss)

.rela.bss
 *(.rela.bss)

.rel.plt
 *(.rel.plt)

.rela.plt
 *(.rela.plt)

.text           0x00000000      0x2e4
 *(.vectors)
 .vectors       0x00000000       0x26 /usr/bin/../lib/gcc/avr/4.6.2/../../../../avr/lib/avr4/crtm8.o
                0x00000000                __vectors
                0x00000000                __vector_default
 *(.vectors)
 *(.progmem.gcc*)
 *(.progmem*)
                0x00000026                . = ALIGN (0x2)
                0x00000026                __trampolines_start = .
 *(.trampolines)
 .trampolines   0x00000026        0x0 linker stubs
 *(.trampolines*)
                0x00000026                __trampolines_end = .
 *(.jumptables)
 *(.jumptables*)
 *(.lowtext)
 *(.lowtext*)
                0x00000026                __ctors_start = .
 *(.ctors)
                0x00000026                __ctors_end = .
                0x00000026                __dtors_start = .
 *(.dtors)
                0x00000026                __dtors_end = .
 SORT(*)(.ctors)
 SORT(*)(.dtors)
 *(.init0)
 .init0         0x00000026        0x0 /usr/bin/../lib/gcc/avr/4.6.2/../../../../avr/lib/avr4/crtm8.o
                0x00000026                __init
 *(.init0)
 *(.init1)
 *(.init1)
 *(.init2)
 .init2         0x00000026        0xc /usr/bin/../lib/gcc/avr/4.6.2/../../../../avr/lib/avr4/crtm8.o
 *(.init2)
 *(.init3)
 *(.init3)
 *(.init4)
 .init4         0x00000032       0x16 /usr/bin/../lib/gcc/avr/4.6.2/avr4/libgcc.a(_copy_data.o)
                0x00000032                __do_copy_data
 .init4         0x00000048       0x10 /usr/bin/../lib/gcc/avr/4.6.2/avr4/libgcc.a(_clear_bss.o)
                0x00000048                __do_clear_bss
 *(.init4)
 *(.init5)
 *(.init5)
 *(.init6)
 *(.init6)
 *(.init7)
 *(.init7)
 *(.init8)
 *(.init8)
 *(.init9)
 .init9         0x00000058        0x4 /usr/bin/../lib/gcc/avr/4.6.2/../../../../avr/lib/avr4/crtm8.o
 *(.init9)
 *(.text)
 .text          0x0000005c        0x2 /usr/bin/../lib/gcc/avr/4.6.2/../../../../avr/lib/avr4/crtm8.o
                0x0000005c                __vector_1
                0x0000005c                __bad_interrupt
                0x0000005c                __vector_6
                0x0000005c                __vector_3
                0x0000005c                __vector_13
                0x0000005c                __vector_17
                0x0000005c                __vector_7
                0x0000005c                __vector_5
                0x0000005c                __vector_4
                0x0000005c                __vector_9
                0x0000005c                __vector_2
                0x0000005c                __vector_15
                0x0000005c                __vector_8
                0x0000005c                __vector_14
                0x0000005c                __vector_10
                0x0000005c                __vector_16
                0x0000005c                __vector_18
 .text          0x0000005e       0x98 obj/Debug/RingBuffer.o
                0x0000005e                buf_push_char
                0x0000009a                buf_pop_char
                0x000000da                buf_isEmpty
 .text          0x000000f6      0x1ea obj/Debug/main.o
                0x000000f6                writeSram
                0x0000012a                send_USART
                0x00000152                main
                0x000001f0                __vector_12
                0x0000027e                __vector_11
 .text          0x000002e0        0x0 /usr/bin/../lib/gcc/avr/4.6.2/avr4/libgcc.a(_exit.o)
 .text          0x000002e0        0x0 /usr/bin/../lib/gcc/avr/4.6.2/avr4/libgcc.a(_copy_data.o)
 .text          0x000002e0        0x0 /usr/bin/../lib/gcc/avr/4.6.2/avr4/libgcc.a(_clear_bss.o)
                0x000002e0                . = ALIGN (0x2)
 *(.text.*)
 .text.libgcc   0x000002e0        0x0 /usr/bin/../lib/gcc/avr/4.6.2/avr4/libgcc.a(_exit.o)
 .text.libgcc   0x000002e0        0x0 /usr/bin/../lib/gcc/avr/4.6.2/avr4/libgcc.a(_copy_data.o)
 .text.libgcc   0x000002e0        0x0 /usr/bin/../lib/gcc/avr/4.6.2/avr4/libgcc.a(_clear_bss.o)
                0x000002e0                . = ALIGN (0x2)
 *(.fini9)
 .fini9         0x000002e0        0x0 /usr/bin/../lib/gcc/avr/4.6.2/avr4/libgcc.a(_exit.o)
                0x000002e0                exit
                0x000002e0                _exit
 *(.fini9)
 *(.fini8)
 *(.fini8)
 *(.fini7)
 *(.fini7)
 *(.fini6)
 *(.fini6)
 *(.fini5)
 *(.fini5)
 *(.fini4)
 *(.fini4)
 *(.fini3)
 *(.fini3)
 *(.fini2)
 *(.fini2)
 *(.fini1)
 *(.fini1)
 *(.fini0)
 .fini0         0x000002e0        0x4 /usr/bin/../lib/gcc/avr/4.6.2/avr4/libgcc.a(_exit.o)
 *(.fini0)
                0x000002e4                _etext = .

.data           0x00800060        0x2 load address 0x000002e4
                0x00800060                PROVIDE (__data_start, .)
 *(.data)
 .data          0x00800060        0x0 /usr/bin/../lib/gcc/avr/4.6.2/../../../../avr/lib/avr4/crtm8.o
 .data          0x00800060        0x0 obj/Debug/RingBuffer.o
 .data          0x00800060        0x1 obj/Debug/main.o
                0x00800060                flag
 .data          0x00800061        0x0 /usr/bin/../lib/gcc/avr/4.6.2/avr4/libgcc.a(_exit.o)
 .data          0x00800061        0x0 /usr/bin/../lib/gcc/avr/4.6.2/avr4/libgcc.a(_copy_data.o)
 .data          0x00800061        0x0 /usr/bin/../lib/gcc/avr/4.6.2/avr4/libgcc.a(_clear_bss.o)
 *(.data*)
 *(.rodata)
 *(.rodata*)
 *(.gnu.linkonce.d*)
                0x00800062                . = ALIGN (0x2)
 *fill*         0x00800061        0x1 00
                0x00800062                _edata = .
                0x00800062                PROVIDE (__data_end, .)

.bss            0x00800062       0x68
                0x00800062                PROVIDE (__bss_start, .)
 *(.bss)
 .bss           0x00800062        0x0 /usr/bin/../lib/gcc/avr/4.6.2/../../../../avr/lib/avr4/crtm8.o
 .bss           0x00800062        0x0 obj/Debug/RingBuffer.o
 .bss           0x00800062        0x0 obj/Debug/main.o
 .bss           0x00800062        0x0 /usr/bin/../lib/gcc/avr/4.6.2/avr4/libgcc.a(_exit.o)
 .bss           0x00800062        0x0 /usr/bin/../lib/gcc/avr/4.6.2/avr4/libgcc.a(_copy_data.o)
 .bss           0x00800062        0x0 /usr/bin/../lib/gcc/avr/4.6.2/avr4/libgcc.a(_clear_bss.o)
 *(.bss*)
 *(COMMON)
 COMMON         0x00800062       0x65 obj/Debug/RingBuffer.o
                0x00800062                RING_BUFFER
                0x008000c6                buf_pointer
 COMMON         0x008000c7        0x3 obj/Debug/main.o
                0x008000c7                temp_pointer
                0x008000c8                sramAdress
                0x008000ca                PROVIDE (__bss_end, .)
                0x000002e4                __data_load_start = LOADADDR (.data)
                0x000002e6                __data_load_end = (__data_load_start + SIZEOF (.data))

.noinit         0x008000ca        0x0
                0x008000ca                PROVIDE (__noinit_start, .)
 *(.noinit*)
                0x008000ca                PROVIDE (__noinit_end, .)
                0x008000ca                _end = .
                0x008000ca                PROVIDE (__heap_start, .)

.eeprom         0x00810000        0x0
 *(.eeprom*)
                0x00810000                __eeprom_end = .

.fuse
 *(.fuse)
 *(.lfuse)
 *(.hfuse)
 *(.efuse)

.lock
 *(.lock*)

.signature
 *(.signature*)

.stab           0x00000000      0x6cc
 *(.stab)
 .stab          0x00000000      0x6cc /usr/bin/../lib/gcc/avr/4.6.2/../../../../avr/lib/avr4/crtm8.o

.stabstr        0x00000000       0x85
 *(.stabstr)
 .stabstr       0x00000000       0x85 /usr/bin/../lib/gcc/avr/4.6.2/../../../../avr/lib/avr4/crtm8.o

.stab.excl
 *(.stab.excl)

.stab.exclstr
 *(.stab.exclstr)

.stab.index
 *(.stab.index)

.stab.indexstr
 *(.stab.indexstr)

.comment
 *(.comment)

.debug
 *(.debug)

.line
 *(.line)

.debug_srcinfo
 *(.debug_srcinfo)

.debug_sfnames
 *(.debug_sfnames)

.debug_aranges  0x00000000       0x40
 *(.debug_aranges)
 .debug_aranges
                0x00000000       0x20 obj/Debug/RingBuffer.o
 .debug_aranges
                0x00000020       0x20 obj/Debug/main.o

.debug_pubnames
 *(.debug_pubnames)

.debug_info     0x00000000      0x303
 *(.debug_info)
 .debug_info    0x00000000      0x143 obj/Debug/RingBuffer.o
 .debug_info    0x00000143      0x1c0 obj/Debug/main.o
 *(.gnu.linkonce.wi.*)

.debug_abbrev   0x00000000      0x1c6
 *(.debug_abbrev)
 .debug_abbrev  0x00000000       0xd5 obj/Debug/RingBuffer.o
 .debug_abbrev  0x000000d5       0xf1 obj/Debug/main.o

.debug_line     0x00000000      0x379
 *(.debug_line)
 .debug_line    0x00000000      0x15b obj/Debug/RingBuffer.o
 .debug_line    0x0000015b      0x21e obj/Debug/main.o

.debug_frame    0x00000000      0x1b4
 *(.debug_frame)
 .debug_frame   0x00000000       0x74 obj/Debug/RingBuffer.o
 .debug_frame   0x00000074      0x140 obj/Debug/main.o

.debug_str      0x00000000      0x149
 *(.debug_str)
 .debug_str     0x00000000       0xe6 obj/Debug/RingBuffer.o
                                0x104 (size before relaxing)
 .debug_str     0x000000e6       0x63 obj/Debug/main.o
                                0x133 (size before relaxing)

.debug_loc      0x00000000      0x378
 *(.debug_loc)
 .debug_loc     0x00000000       0xcb obj/Debug/RingBuffer.o
 .debug_loc     0x000000cb      0x2ad obj/Debug/main.o

.debug_macinfo  0x00000000     0xa9ad
 *(.debug_macinfo)
 .debug_macinfo
                0x00000000     0x38d4 obj/Debug/RingBuffer.o
 .debug_macinfo
                0x000038d4     0x70d9 obj/Debug/main.o
OUTPUT(bin/Debug/myKIPP.elf elf32-avr)
LOAD linker stubs

Cross Reference Table

Symbol                                            File
RING_BUFFER                                       obj/Debug/main.o
                                                  obj/Debug/RingBuffer.o
__bad_interrupt                                   /usr/bin/../lib/gcc/avr/4.6.2/../../../../avr/lib/avr4/crtm8.o
__bss_end                                         /usr/bin/../lib/gcc/avr/4.6.2/avr4/libgcc.a(_clear_bss.o)
__bss_start                                       /usr/bin/../lib/gcc/avr/4.6.2/avr4/libgcc.a(_clear_bss.o)
__data_end                                        /usr/bin/../lib/gcc/avr/4.6.2/avr4/libgcc.a(_copy_data.o)
__data_load_start                                 /usr/bin/../lib/gcc/avr/4.6.2/avr4/libgcc.a(_copy_data.o)
__data_start                                      /usr/bin/../lib/gcc/avr/4.6.2/avr4/libgcc.a(_copy_data.o)
__do_clear_bss                                    /usr/bin/../lib/gcc/avr/4.6.2/avr4/libgcc.a(_clear_bss.o)
                                                  obj/Debug/main.o
                                                  obj/Debug/RingBuffer.o
__do_copy_data                                    /usr/bin/../lib/gcc/avr/4.6.2/avr4/libgcc.a(_copy_data.o)
                                                  obj/Debug/main.o
                                                  obj/Debug/RingBuffer.o
__heap_end                                        /usr/bin/../lib/gcc/avr/4.6.2/../../../../avr/lib/avr4/crtm8.o
__init                                            /usr/bin/../lib/gcc/avr/4.6.2/../../../../avr/lib/avr4/crtm8.o
__stack                                           /usr/bin/../lib/gcc/avr/4.6.2/../../../../avr/lib/avr4/crtm8.o
__vector_1                                        /usr/bin/../lib/gcc/avr/4.6.2/../../../../avr/lib/avr4/crtm8.o
__vector_10                                       /usr/bin/../lib/gcc/avr/4.6.2/../../../../avr/lib/avr4/crtm8.o
__vector_11                                       obj/Debug/main.o
                                                  /usr/bin/../lib/gcc/avr/4.6.2/../../../../avr/lib/avr4/crtm8.o
__vector_12                                       obj/Debug/main.o
                                                  /usr/bin/../lib/gcc/avr/4.6.2/../../../../avr/lib/avr4/crtm8.o
__vector_13                                       /usr/bin/../lib/gcc/avr/4.6.2/../../../../avr/lib/avr4/crtm8.o
__vector_14                                       /usr/bin/../lib/gcc/avr/4.6.2/../../../../avr/lib/avr4/crtm8.o
__vector_15                                       /usr/bin/../lib/gcc/avr/4.6.2/../../../../avr/lib/avr4/crtm8.o
__vector_16                                       /usr/bin/../lib/gcc/avr/4.6.2/../../../../avr/lib/avr4/crtm8.o
__vector_17                                       /usr/bin/../lib/gcc/avr/4.6.2/../../../../avr/lib/avr4/crtm8.o
__vector_18                                       /usr/bin/../lib/gcc/avr/4.6.2/../../../../avr/lib/avr4/crtm8.o
__vector_2                                        /usr/bin/../lib/gcc/avr/4.6.2/../../../../avr/lib/avr4/crtm8.o
__vector_3                                        /usr/bin/../lib/gcc/avr/4.6.2/../../../../avr/lib/avr4/crtm8.o
__vector_4                                        /usr/bin/../lib/gcc/avr/4.6.2/../../../../avr/lib/avr4/crtm8.o
__vector_5                                        /usr/bin/../lib/gcc/avr/4.6.2/../../../../avr/lib/avr4/crtm8.o
__vector_6                                        /usr/bin/../lib/gcc/avr/4.6.2/../../../../avr/lib/avr4/crtm8.o
__vector_7                                        /usr/bin/../lib/gcc/avr/4.6.2/../../../../avr/lib/avr4/crtm8.o
__vector_8                                        /usr/bin/../lib/gcc/avr/4.6.2/../../../../avr/lib/avr4/crtm8.o
__vector_9                                        /usr/bin/../lib/gcc/avr/4.6.2/../../../../avr/lib/avr4/crtm8.o
__vector_default                                  /usr/bin/../lib/gcc/avr/4.6.2/../../../../avr/lib/avr4/crtm8.o
__vectors                                         /usr/bin/../lib/gcc/avr/4.6.2/../../../../avr/lib/avr4/crtm8.o
_exit                                             /usr/bin/../lib/gcc/avr/4.6.2/avr4/libgcc.a(_exit.o)
buf_isEmpty                                       obj/Debug/RingBuffer.o
                                                  obj/Debug/main.o
buf_pointer                                       obj/Debug/main.o
                                                  obj/Debug/RingBuffer.o
buf_pop_char                                      obj/Debug/RingBuffer.o
buf_push_char                                     obj/Debug/RingBuffer.o
                                                  obj/Debug/main.o
exit                                              /usr/bin/../lib/gcc/avr/4.6.2/avr4/libgcc.a(_exit.o)
                                                  /usr/bin/../lib/gcc/avr/4.6.2/../../../../avr/lib/avr4/crtm8.o
flag                                              obj/Debug/main.o
main                                              obj/Debug/main.o
                                                  /usr/bin/../lib/gcc/avr/4.6.2/../../../../avr/lib/avr4/crtm8.o
send_USART                                        obj/Debug/main.o
sramAdress                                        obj/Debug/main.o
temp_pointer                                      obj/Debug/main.o
writeSram                                         obj/Debug/main.o
